2026-06-20 11:36:41.944 [main] INFO  com.optical.sender.chunk.FileChunker - Splitting 5500 bytes into 6 chunks of max 1000 bytes each
2026-06-20 11:36:41.944 [main] INFO  com.optical.sender.chunk.FileChunker - Created 6 chunk packets for transfer id
2026-06-20 11:36:41.970 [main] INFO  com.optical.sender.chunk.FileChunker - Splitting 2000 bytes into 2 chunks of max 1000 bytes each
2026-06-20 11:36:41.970 [main] INFO  com.optical.sender.chunk.FileChunker - Created 2 chunk packets for transfer id
2026-06-20 11:36:41.974 [main] INFO  com.optical.sender.chunk.FileChunker - Splitting 3000 bytes into 3 chunks of max 1000 bytes each
2026-06-20 11:36:41.975 [main] INFO  com.optical.sender.chunk.FileChunker - Created 3 chunk packets for transfer test-id
2026-06-20 11:36:41.979 [main] INFO  com.optical.sender.chunk.FileChunker - Splitting 1000 bytes into 1 chunks of max 1000 bytes each
2026-06-20 11:36:41.980 [main] INFO  com.optical.sender.chunk.FileChunker - Created 1 chunk packets for transfer my-transfer-123
2026-06-20 11:36:41.985 [main] INFO  com.optical.sender.chunk.FileChunker - Splitting 2500 bytes into 3 chunks of max 1000 bytes each
2026-06-20 11:36:41.986 [main] INFO  com.optical.sender.chunk.FileChunker - Created 3 chunk packets for transfer id
2026-06-20 11:36:41.991 [main] INFO  com.optical.sender.chunk.FileChunker - Splitting 2500 bytes into 3 chunks of max 1000 bytes each
2026-06-20 11:36:41.992 [main] INFO  com.optical.sender.chunk.FileChunker - Created 3 chunk packets for transfer test-id
2026-06-20 11:36:42.610 [main] INFO  com.optical.sender.service.TransferService - Preparing transfer for file: small.mp3
2026-06-20 11:36:42.610 [main] INFO  com.optical.sender.service.TransferService - Read 500 bytes from small.mp3
2026-06-20 11:36:42.615 [main] INFO  com.optical.sender.service.TransferService - SHA-256 hash: e6304a473c65ecd0ccffbd2f5925a8f51c44b11f59b66cfcc055e4bb911b8fa0
2026-06-20 11:36:42.619 [main] INFO  com.optical.sender.service.TransferService - Compressed: 500 bytes → 26 bytes (ratio: 5.2%)
2026-06-20 11:36:42.619 [main] INFO  com.optical.sender.service.TransferService - Transfer ID: f626fdf7-2512-42b1-8971-d6d3398c6521
2026-06-20 11:36:42.619 [main] INFO  com.optical.sender.chunk.FileChunker - Splitting 26 bytes into 1 chunks of max 1000 bytes each
2026-06-20 11:36:42.619 [main] INFO  com.optical.sender.chunk.FileChunker - Created 1 chunk packets for transfer f626fdf7-2512-42b1-8971-d6d3398c6521
2026-06-20 11:36:42.894 [main] INFO  com.optical.sender.service.TransferService - Transfer prepared: 3 total packets (1 header + 1 chunks + 1 end)
2026-06-20 11:36:42.911 [main] INFO  com.optical.sender.service.TransferService - Preparing transfer for file: myfile.mp3
2026-06-20 11:36:42.913 [main] INFO  com.optical.sender.service.TransferService - Read 3000 bytes from myfile.mp3
2026-06-20 11:36:42.913 [main] INFO  com.optical.sender.service.TransferService - SHA-256 hash: c81ca5eda5947c7826ad046fdbdc2a25a846b835a6c34c237cc8b3afbe9ec6cc
2026-06-20 11:36:42.913 [main] INFO  com.optical.sender.service.TransferService - Compressed: 3000 bytes → 38 bytes (ratio: 1.3%)
2026-06-20 11:36:42.913 [main] INFO  com.optical.sender.service.TransferService - Transfer ID: f82f3ace-356b-4f84-9049-75fbb1b9a51b
2026-06-20 11:36:42.913 [main] INFO  com.optical.sender.chunk.FileChunker - Splitting 38 bytes into 1 chunks of max 1000 bytes each
2026-06-20 11:36:42.913 [main] INFO  com.optical.sender.chunk.FileChunker - Created 1 chunk packets for transfer f82f3ace-356b-4f84-9049-75fbb1b9a51b
2026-06-20 11:36:42.913 [main] INFO  com.optical.sender.service.TransferService - Transfer prepared: 3 total packets (1 header + 1 chunks + 1 end)
2026-06-20 11:36:42.922 [main] INFO  com.optical.sender.service.TransferService - Preparing transfer for file: test.mp3
2026-06-20 11:36:42.922 [main] INFO  com.optical.sender.service.TransferService - Read 5000 bytes from test.mp3
2026-06-20 11:36:42.923 [main] INFO  com.optical.sender.service.TransferService - SHA-256 hash: 0a02b6deb73f2e9a4a150f2f01aab2eaef4856523237f1b24595e1313da8f702
2026-06-20 11:36:42.924 [main] INFO  com.optical.sender.service.TransferService - Compressed: 5000 bytes → 5023 bytes (ratio: 100.5%)
2026-06-20 11:36:42.925 [main] INFO  com.optical.sender.service.TransferService - Transfer ID: e593e629-6c17-45e5-9f9e-2c34663e7594
2026-06-20 11:36:42.925 [main] INFO  com.optical.sender.chunk.FileChunker - Splitting 5023 bytes into 6 chunks of max 1000 bytes each
2026-06-20 11:36:42.925 [main] INFO  com.optical.sender.chunk.FileChunker - Created 6 chunk packets for transfer e593e629-6c17-45e5-9f9e-2c34663e7594
2026-06-20 11:36:42.927 [main] INFO  com.optical.sender.service.TransferService - Transfer prepared: 8 total packets (1 header + 6 chunks + 1 end)
2026-06-20 11:37:18.425 [main] INFO  com.optical.sender.chunk.FileChunker - Splitting 5500 bytes into 6 chunks of max 1000 bytes each
2026-06-20 11:37:18.425 [main] INFO  com.optical.sender.chunk.FileChunker - Created 6 chunk packets for transfer id
2026-06-20 11:37:18.454 [main] INFO  com.optical.sender.chunk.FileChunker - Splitting 2000 bytes into 2 chunks of max 1000 bytes each
2026-06-20 11:37:18.454 [main] INFO  com.optical.sender.chunk.FileChunker - Created 2 chunk packets for transfer id
2026-06-20 11:37:18.460 [main] INFO  com.optical.sender.chunk.FileChunker - Splitting 3000 bytes into 3 chunks of max 1000 bytes each
2026-06-20 11:37:18.460 [main] INFO  com.optical.sender.chunk.FileChunker - Created 3 chunk packets for transfer test-id
2026-06-20 11:37:18.464 [main] INFO  com.optical.sender.chunk.FileChunker - Splitting 1000 bytes into 1 chunks of max 1000 bytes each
2026-06-20 11:37:18.464 [main] INFO  com.optical.sender.chunk.FileChunker - Created 1 chunk packets for transfer my-transfer-123
2026-06-20 11:37:18.471 [main] INFO  com.optical.sender.chunk.FileChunker - Splitting 2500 bytes into 3 chunks of max 1000 bytes each
2026-06-20 11:37:18.472 [main] INFO  com.optical.sender.chunk.FileChunker - Created 3 chunk packets for transfer id
2026-06-20 11:37:18.475 [main] INFO  com.optical.sender.chunk.FileChunker - Splitting 2500 bytes into 3 chunks of max 1000 bytes each
2026-06-20 11:37:18.476 [main] INFO  com.optical.sender.chunk.FileChunker - Created 3 chunk packets for transfer test-id
2026-06-20 11:37:18.768 [main] INFO  com.optical.sender.service.TransferService - Preparing transfer for file: small.mp3
2026-06-20 11:37:18.768 [main] INFO  com.optical.sender.service.TransferService - Read 500 bytes from small.mp3
2026-06-20 11:37:18.768 [main] INFO  com.optical.sender.service.TransferService - SHA-256 hash: e6304a473c65ecd0ccffbd2f5925a8f51c44b11f59b66cfcc055e4bb911b8fa0
2026-06-20 11:37:18.773 [main] INFO  com.optical.sender.service.TransferService - Compressed: 500 bytes → 26 bytes (ratio: 5.2%)
2026-06-20 11:37:18.775 [main] INFO  com.optical.sender.service.TransferService - Transfer ID: 869bc62d-1277-474c-b7f1-7b6eb139d690
2026-06-20 11:37:18.775 [main] INFO  com.optical.sender.chunk.FileChunker - Splitting 26 bytes into 1 chunks of max 1000 bytes each
2026-06-20 11:37:18.775 [main] INFO  com.optical.sender.chunk.FileChunker - Created 1 chunk packets for transfer 869bc62d-1277-474c-b7f1-7b6eb139d690
2026-06-20 11:37:18.981 [main] INFO  com.optical.sender.service.TransferService - Transfer prepared: 3 total packets (1 header + 1 chunks + 1 end)
2026-06-20 11:37:18.999 [main] INFO  com.optical.sender.service.TransferService - Preparing transfer for file: myfile.mp3
2026-06-20 11:37:18.999 [main] INFO  com.optical.sender.service.TransferService - Read 3000 bytes from myfile.mp3
2026-06-20 11:37:19.001 [main] INFO  com.optical.sender.service.TransferService - SHA-256 hash: c81ca5eda5947c7826ad046fdbdc2a25a846b835a6c34c237cc8b3afbe9ec6cc
2026-06-20 11:37:19.001 [main] INFO  com.optical.sender.service.TransferService - Compressed: 3000 bytes → 38 bytes (ratio: 1.3%)
2026-06-20 11:37:19.002 [main] INFO  com.optical.sender.service.TransferService - Transfer ID: 8108a018-40ea-49f7-8440-6c6108b64d61
2026-06-20 11:37:19.002 [main] INFO  com.optical.sender.chunk.FileChunker - Splitting 38 bytes into 1 chunks of max 1000 bytes each
2026-06-20 11:37:19.002 [main] INFO  com.optical.sender.chunk.FileChunker - Created 1 chunk packets for transfer 8108a018-40ea-49f7-8440-6c6108b64d61
2026-06-20 11:37:19.002 [main] INFO  com.optical.sender.service.TransferService - Transfer prepared: 3 total packets (1 header + 1 chunks + 1 end)
2026-06-20 11:37:19.007 [main] INFO  com.optical.sender.service.TransferService - Preparing transfer for file: test.mp3
2026-06-20 11:37:19.008 [main] INFO  com.optical.sender.service.TransferService - Read 5000 bytes from test.mp3
2026-06-20 11:37:19.010 [main] INFO  com.optical.sender.service.TransferService - SHA-256 hash: 0a02b6deb73f2e9a4a150f2f01aab2eaef4856523237f1b24595e1313da8f702
2026-06-20 11:37:19.010 [main] INFO  com.optical.sender.service.TransferService - Compressed: 5000 bytes → 5023 bytes (ratio: 100.5%)
2026-06-20 11:37:19.010 [main] INFO  com.optical.sender.service.TransferService - Transfer ID: bdeb592d-8457-4fab-b73a-5cb7cbff8015
2026-06-20 11:37:19.010 [main] INFO  com.optical.sender.chunk.FileChunker - Splitting 5023 bytes into 6 chunks of max 1000 bytes each
2026-06-20 11:37:19.011 [main] INFO  com.optical.sender.chunk.FileChunker - Created 6 chunk packets for transfer bdeb592d-8457-4fab-b73a-5cb7cbff8015
2026-06-20 11:37:19.012 [main] INFO  com.optical.sender.service.TransferService - Transfer prepared: 8 total packets (1 header + 6 chunks + 1 end)
2026-06-20 11:38:49.817 [main] INFO  com.optical.sender.chunk.FileChunker - Splitting 5500 bytes into 6 chunks of max 1000 bytes each
2026-06-20 11:38:49.821 [main] INFO  com.optical.sender.chunk.FileChunker - Created 6 chunk packets for transfer id
2026-06-20 11:38:49.837 [main] INFO  com.optical.sender.chunk.FileChunker - Splitting 2000 bytes into 2 chunks of max 1000 bytes each
2026-06-20 11:38:49.837 [main] INFO  com.optical.sender.chunk.FileChunker - Created 2 chunk packets for transfer id
2026-06-20 11:38:49.841 [main] INFO  com.optical.sender.chunk.FileChunker - Splitting 3000 bytes into 3 chunks of max 1000 bytes each
2026-06-20 11:38:49.841 [main] INFO  com.optical.sender.chunk.FileChunker - Created 3 chunk packets for transfer test-id
2026-06-20 11:38:49.844 [main] INFO  com.optical.sender.chunk.FileChunker - Splitting 1000 bytes into 1 chunks of max 1000 bytes each
2026-06-20 11:38:49.844 [main] INFO  com.optical.sender.chunk.FileChunker - Created 1 chunk packets for transfer my-transfer-123
2026-06-20 11:38:49.847 [main] INFO  com.optical.sender.chunk.FileChunker - Splitting 2500 bytes into 3 chunks of max 1000 bytes each
2026-06-20 11:38:49.848 [main] INFO  com.optical.sender.chunk.FileChunker - Created 3 chunk packets for transfer id
2026-06-20 11:38:49.850 [main] INFO  com.optical.sender.chunk.FileChunker - Splitting 2500 bytes into 3 chunks of max 1000 bytes each
2026-06-20 11:38:49.850 [main] INFO  com.optical.sender.chunk.FileChunker - Created 3 chunk packets for transfer test-id
2026-06-20 11:38:50.073 [main] INFO  com.optical.sender.service.TransferService - Preparing transfer for file: small.mp3
2026-06-20 11:38:50.074 [main] INFO  com.optical.sender.service.TransferService - Read 500 bytes from small.mp3
2026-06-20 11:38:50.075 [main] INFO  com.optical.sender.service.TransferService - SHA-256 hash: e6304a473c65ecd0ccffbd2f5925a8f51c44b11f59b66cfcc055e4bb911b8fa0
2026-06-20 11:38:50.077 [main] INFO  com.optical.sender.service.TransferService - Compressed: 500 bytes → 26 bytes (ratio: 5.2%)
2026-06-20 11:38:50.078 [main] INFO  com.optical.sender.service.TransferService - Transfer ID: d9497583-0771-49bc-9c48-a76862db6301
2026-06-20 11:38:50.078 [main] INFO  com.optical.sender.chunk.FileChunker - Splitting 26 bytes into 1 chunks of max 1000 bytes each
2026-06-20 11:38:50.078 [main] INFO  com.optical.sender.chunk.FileChunker - Created 1 chunk packets for transfer d9497583-0771-49bc-9c48-a76862db6301
2026-06-20 11:38:50.246 [main] INFO  com.optical.sender.service.TransferService - Transfer prepared: 3 total packets (1 header + 1 chunks + 1 end)
2026-06-20 11:38:50.254 [main] INFO  com.optical.sender.service.TransferService - Preparing transfer for file: myfile.mp3
2026-06-20 11:38:50.254 [main] INFO  com.optical.sender.service.TransferService - Read 3000 bytes from myfile.mp3
2026-06-20 11:38:50.254 [main] INFO  com.optical.sender.service.TransferService - SHA-256 hash: c81ca5eda5947c7826ad046fdbdc2a25a846b835a6c34c237cc8b3afbe9ec6cc
2026-06-20 11:38:50.254 [main] INFO  com.optical.sender.service.TransferService - Compressed: 3000 bytes → 38 bytes (ratio: 1.3%)
2026-06-20 11:38:50.254 [main] INFO  com.optical.sender.service.TransferService - Transfer ID: 14b6675f-9d78-44dc-b620-1da38605ffc4
2026-06-20 11:38:50.254 [main] INFO  com.optical.sender.chunk.FileChunker - Splitting 38 bytes into 1 chunks of max 1000 bytes each
2026-06-20 11:38:50.254 [main] INFO  com.optical.sender.chunk.FileChunker - Created 1 chunk packets for transfer 14b6675f-9d78-44dc-b620-1da38605ffc4
2026-06-20 11:38:50.254 [main] INFO  com.optical.sender.service.TransferService - Transfer prepared: 3 total packets (1 header + 1 chunks + 1 end)
2026-06-20 11:38:50.270 [main] INFO  com.optical.sender.service.TransferService - Preparing transfer for file: test.mp3
2026-06-20 11:38:50.270 [main] INFO  com.optical.sender.service.TransferService - Read 5000 bytes from test.mp3
2026-06-20 11:38:50.270 [main] INFO  com.optical.sender.service.TransferService - SHA-256 hash: 0a02b6deb73f2e9a4a150f2f01aab2eaef4856523237f1b24595e1313da8f702
2026-06-20 11:38:50.270 [main] INFO  com.optical.sender.service.TransferService - Compressed: 5000 bytes → 5023 bytes (ratio: 100.5%)
2026-06-20 11:38:50.270 [main] INFO  com.optical.sender.service.TransferService - Transfer ID: c5cd8781-ec50-48b3-ab3b-b4247b073930
2026-06-20 11:38:50.270 [main] INFO  com.optical.sender.chunk.FileChunker - Splitting 5023 bytes into 6 chunks of max 1000 bytes each
2026-06-20 11:38:50.270 [main] INFO  com.optical.sender.chunk.FileChunker - Created 6 chunk packets for transfer c5cd8781-ec50-48b3-ab3b-b4247b073930
2026-06-20 11:38:50.270 [main] INFO  com.optical.sender.service.TransferService - Transfer prepared: 8 total packets (1 header + 6 chunks + 1 end)
2026-06-20 12:07:59.009 [main] INFO  com.optical.sender.chunk.FileChunker - Splitting 5500 bytes into 6 chunks of max 1000 bytes each
2026-06-20 12:07:59.013 [main] INFO  com.optical.sender.chunk.FileChunker - Created 6 chunk packets for transfer id
2026-06-20 12:07:59.026 [main] INFO  com.optical.sender.chunk.FileChunker - Splitting 2000 bytes into 2 chunks of max 1000 bytes each
2026-06-20 12:07:59.026 [main] INFO  com.optical.sender.chunk.FileChunker - Created 2 chunk packets for transfer id
2026-06-20 12:07:59.030 [main] INFO  com.optical.sender.chunk.FileChunker - Splitting 3000 bytes into 3 chunks of max 1000 bytes each
2026-06-20 12:07:59.030 [main] INFO  com.optical.sender.chunk.FileChunker - Created 3 chunk packets for transfer test-id
2026-06-20 12:07:59.032 [main] INFO  com.optical.sender.chunk.FileChunker - Splitting 1000 bytes into 1 chunks of max 1000 bytes each
2026-06-20 12:07:59.032 [main] INFO  com.optical.sender.chunk.FileChunker - Created 1 chunk packets for transfer my-transfer-123
2026-06-20 12:07:59.037 [main] INFO  com.optical.sender.chunk.FileChunker - Splitting 2500 bytes into 3 chunks of max 1000 bytes each
2026-06-20 12:07:59.037 [main] INFO  com.optical.sender.chunk.FileChunker - Created 3 chunk packets for transfer id
2026-06-20 12:07:59.039 [main] INFO  com.optical.sender.chunk.FileChunker - Splitting 2500 bytes into 3 chunks of max 1000 bytes each
2026-06-20 12:07:59.039 [main] INFO  com.optical.sender.chunk.FileChunker - Created 3 chunk packets for transfer test-id
2026-06-20 12:07:59.267 [main] INFO  com.optical.sender.service.TransferService - Preparing transfer for file: small.mp3
2026-06-20 12:07:59.268 [main] INFO  com.optical.sender.service.TransferService - Read 500 bytes from small.mp3
2026-06-20 12:07:59.269 [main] INFO  com.optical.sender.service.TransferService - SHA-256 hash: e6304a473c65ecd0ccffbd2f5925a8f51c44b11f59b66cfcc055e4bb911b8fa0
2026-06-20 12:07:59.271 [main] INFO  com.optical.sender.service.TransferService - Compressed: 500 bytes → 26 bytes (ratio: 5.2%)
2026-06-20 12:07:59.272 [main] INFO  com.optical.sender.service.TransferService - Transfer ID: 6e418ef9-a67f-48b2-bfd6-0026bef5ca9f
2026-06-20 12:07:59.273 [main] INFO  com.optical.sender.chunk.FileChunker - Splitting 26 bytes into 1 chunks of max 1000 bytes each
2026-06-20 12:07:59.273 [main] INFO  com.optical.sender.chunk.FileChunker - Created 1 chunk packets for transfer 6e418ef9-a67f-48b2-bfd6-0026bef5ca9f
2026-06-20 12:07:59.433 [main] INFO  com.optical.sender.service.TransferService - Transfer prepared: 3 total packets (1 header + 1 chunks + 1 end)
2026-06-20 12:07:59.444 [main] INFO  com.optical.sender.service.TransferService - Preparing transfer for file: myfile.mp3
2026-06-20 12:07:59.445 [main] INFO  com.optical.sender.service.TransferService - Read 3000 bytes from myfile.mp3
2026-06-20 12:07:59.446 [main] INFO  com.optical.sender.service.TransferService - SHA-256 hash: c81ca5eda5947c7826ad046fdbdc2a25a846b835a6c34c237cc8b3afbe9ec6cc
2026-06-20 12:07:59.446 [main] INFO  com.optical.sender.service.TransferService - Compressed: 3000 bytes → 38 bytes (ratio: 1.3%)
2026-06-20 12:07:59.446 [main] INFO  com.optical.sender.service.TransferService - Transfer ID: ec678321-2303-4eeb-a288-ead11b70d75d
2026-06-20 12:07:59.446 [main] INFO  com.optical.sender.chunk.FileChunker - Splitting 38 bytes into 1 chunks of max 1000 bytes each
2026-06-20 12:07:59.446 [main] INFO  com.optical.sender.chunk.FileChunker - Created 1 chunk packets for transfer ec678321-2303-4eeb-a288-ead11b70d75d
2026-06-20 12:07:59.447 [main] INFO  com.optical.sender.service.TransferService - Transfer prepared: 3 total packets (1 header + 1 chunks + 1 end)
2026-06-20 12:07:59.452 [main] INFO  com.optical.sender.service.TransferService - Preparing transfer for file: test.mp3
2026-06-20 12:07:59.452 [main] INFO  com.optical.sender.service.TransferService - Read 5000 bytes from test.mp3
2026-06-20 12:07:59.453 [main] INFO  com.optical.sender.service.TransferService - SHA-256 hash: 0a02b6deb73f2e9a4a150f2f01aab2eaef4856523237f1b24595e1313da8f702
2026-06-20 12:07:59.453 [main] INFO  com.optical.sender.service.TransferService - Compressed: 5000 bytes → 5023 bytes (ratio: 100.5%)
2026-06-20 12:07:59.453 [main] INFO  com.optical.sender.service.TransferService - Transfer ID: 75f59e57-0b47-425f-b945-0c26f7f7f983
2026-06-20 12:07:59.453 [main] INFO  com.optical.sender.chunk.FileChunker - Splitting 5023 bytes into 6 chunks of max 1000 bytes each
2026-06-20 12:07:59.453 [main] INFO  com.optical.sender.chunk.FileChunker - Created 6 chunk packets for transfer 75f59e57-0b47-425f-b945-0c26f7f7f983
2026-06-20 12:07:59.454 [main] INFO  com.optical.sender.service.TransferService - Transfer prepared: 8 total packets (1 header + 6 chunks + 1 end)
2026-06-20 12:09:11.281 [main] INFO  com.optical.sender.chunk.FileChunker - Splitting 5500 bytes into 6 chunks of max 1000 bytes each
2026-06-20 12:09:11.286 [main] INFO  com.optical.sender.chunk.FileChunker - Created 6 chunk packets for transfer id
2026-06-20 12:09:11.299 [main] INFO  com.optical.sender.chunk.FileChunker - Splitting 2000 bytes into 2 chunks of max 1000 bytes each
2026-06-20 12:09:11.300 [main] INFO  com.optical.sender.chunk.FileChunker - Created 2 chunk packets for transfer id
2026-06-20 12:09:11.303 [main] INFO  com.optical.sender.chunk.FileChunker - Splitting 3000 bytes into 3 chunks of max 1000 bytes each
2026-06-20 12:09:11.303 [main] INFO  com.optical.sender.chunk.FileChunker - Created 3 chunk packets for transfer test-id
2026-06-20 12:09:11.305 [main] INFO  com.optical.sender.chunk.FileChunker - Splitting 1000 bytes into 1 chunks of max 1000 bytes each
2026-06-20 12:09:11.305 [main] INFO  com.optical.sender.chunk.FileChunker - Created 1 chunk packets for transfer my-transfer-123
2026-06-20 12:09:11.309 [main] INFO  com.optical.sender.chunk.FileChunker - Splitting 2500 bytes into 3 chunks of max 1000 bytes each
2026-06-20 12:09:11.309 [main] INFO  com.optical.sender.chunk.FileChunker - Created 3 chunk packets for transfer id
2026-06-20 12:09:11.311 [main] INFO  com.optical.sender.chunk.FileChunker - Splitting 2500 bytes into 3 chunks of max 1000 bytes each
2026-06-20 12:09:11.312 [main] INFO  com.optical.sender.chunk.FileChunker - Created 3 chunk packets for transfer test-id
2026-06-20 12:09:11.521 [main] INFO  com.optical.sender.service.TransferService - Preparing transfer for file: small.mp3
2026-06-20 12:09:11.522 [main] INFO  com.optical.sender.service.TransferService - Read 500 bytes from small.mp3
2026-06-20 12:09:11.523 [main] INFO  com.optical.sender.service.TransferService - SHA-256 hash: e6304a473c65ecd0ccffbd2f5925a8f51c44b11f59b66cfcc055e4bb911b8fa0
2026-06-20 12:09:11.526 [main] INFO  com.optical.sender.service.TransferService - Compressed: 500 bytes → 26 bytes (ratio: 5.2%)
2026-06-20 12:09:11.527 [main] INFO  com.optical.sender.service.TransferService - Transfer ID: af6e4ca2-7ca3-4f64-bfcd-99a11c62359e
2026-06-20 12:09:11.527 [main] INFO  com.optical.sender.chunk.FileChunker - Splitting 26 bytes into 1 chunks of max 1000 bytes each
2026-06-20 12:09:11.527 [main] INFO  com.optical.sender.chunk.FileChunker - Created 1 chunk packets for transfer af6e4ca2-7ca3-4f64-bfcd-99a11c62359e
2026-06-20 12:09:11.697 [main] INFO  com.optical.sender.service.TransferService - Transfer prepared: 3 total packets (1 header + 1 chunks + 1 end)
2026-06-20 12:09:11.708 [main] INFO  com.optical.sender.service.TransferService - Preparing transfer for file: myfile.mp3
2026-06-20 12:09:11.708 [main] INFO  com.optical.sender.service.TransferService - Read 3000 bytes from myfile.mp3
2026-06-20 12:09:11.709 [main] INFO  com.optical.sender.service.TransferService - SHA-256 hash: c81ca5eda5947c7826ad046fdbdc2a25a846b835a6c34c237cc8b3afbe9ec6cc
2026-06-20 12:09:11.710 [main] INFO  com.optical.sender.service.TransferService - Compressed: 3000 bytes → 38 bytes (ratio: 1.3%)
2026-06-20 12:09:11.710 [main] INFO  com.optical.sender.service.TransferService - Transfer ID: 229205d0-d3ad-48ba-b746-46286731d115
2026-06-20 12:09:11.710 [main] INFO  com.optical.sender.chunk.FileChunker - Splitting 38 bytes into 1 chunks of max 1000 bytes each
2026-06-20 12:09:11.710 [main] INFO  com.optical.sender.chunk.FileChunker - Created 1 chunk packets for transfer 229205d0-d3ad-48ba-b746-46286731d115
2026-06-20 12:09:11.710 [main] INFO  com.optical.sender.service.TransferService - Transfer prepared: 3 total packets (1 header + 1 chunks + 1 end)
2026-06-20 12:09:11.716 [main] INFO  com.optical.sender.service.TransferService - Preparing transfer for file: test.mp3
2026-06-20 12:09:11.716 [main] INFO  com.optical.sender.service.TransferService - Read 5000 bytes from test.mp3
2026-06-20 12:09:11.717 [main] INFO  com.optical.sender.service.TransferService - SHA-256 hash: 0a02b6deb73f2e9a4a150f2f01aab2eaef4856523237f1b24595e1313da8f702
2026-06-20 12:09:11.718 [main] INFO  com.optical.sender.service.TransferService - Compressed: 5000 bytes → 5023 bytes (ratio: 100.5%)
2026-06-20 12:09:11.718 [main] INFO  com.optical.sender.service.TransferService - Transfer ID: 9cf7bb43-92aa-4d30-a425-cd5b8c2a14dc
2026-06-20 12:09:11.718 [main] INFO  com.optical.sender.chunk.FileChunker - Splitting 5023 bytes into 6 chunks of max 1000 bytes each
2026-06-20 12:09:11.718 [main] INFO  com.optical.sender.chunk.FileChunker - Created 6 chunk packets for transfer 9cf7bb43-92aa-4d30-a425-cd5b8c2a14dc
2026-06-20 12:09:11.719 [main] INFO  com.optical.sender.service.TransferService - Transfer prepared: 8 total packets (1 header + 6 chunks + 1 end)
2026-06-20 12:09:58.808 [main] INFO  com.optical.sender.chunk.FileChunker - Splitting 5500 bytes into 6 chunks of max 1000 bytes each
2026-06-20 12:09:58.813 [main] INFO  com.optical.sender.chunk.FileChunker - Created 6 chunk packets for transfer id
2026-06-20 12:09:58.830 [main] INFO  com.optical.sender.chunk.FileChunker - Splitting 2000 bytes into 2 chunks of max 1000 bytes each
2026-06-20 12:09:58.830 [main] INFO  com.optical.sender.chunk.FileChunker - Created 2 chunk packets for transfer id
2026-06-20 12:09:58.833 [main] INFO  com.optical.sender.chunk.FileChunker - Splitting 3000 bytes into 3 chunks of max 1000 bytes each
2026-06-20 12:09:58.834 [main] INFO  com.optical.sender.chunk.FileChunker - Created 3 chunk packets for transfer test-id
2026-06-20 12:09:58.837 [main] INFO  com.optical.sender.chunk.FileChunker - Splitting 1000 bytes into 1 chunks of max 1000 bytes each
2026-06-20 12:09:58.838 [main] INFO  com.optical.sender.chunk.FileChunker - Created 1 chunk packets for transfer my-transfer-123
2026-06-20 12:09:58.844 [main] INFO  com.optical.sender.chunk.FileChunker - Splitting 2500 bytes into 3 chunks of max 1000 bytes each
2026-06-20 12:09:58.844 [main] INFO  com.optical.sender.chunk.FileChunker - Created 3 chunk packets for transfer id
2026-06-20 12:09:58.848 [main] INFO  com.optical.sender.chunk.FileChunker - Splitting 2500 bytes into 3 chunks of max 1000 bytes each
2026-06-20 12:09:58.848 [main] INFO  com.optical.sender.chunk.FileChunker - Created 3 chunk packets for transfer test-id
2026-06-20 12:09:59.082 [main] INFO  com.optical.sender.service.TransferService - Preparing transfer for file: small.mp3
2026-06-20 12:09:59.083 [main] INFO  com.optical.sender.service.TransferService - Read 500 bytes from small.mp3
2026-06-20 12:09:59.084 [main] INFO  com.optical.sender.service.TransferService - SHA-256 hash: e6304a473c65ecd0ccffbd2f5925a8f51c44b11f59b66cfcc055e4bb911b8fa0
2026-06-20 12:09:59.087 [main] INFO  com.optical.sender.service.TransferService - Compressed: 500 bytes → 26 bytes (ratio: 5.2%)
2026-06-20 12:09:59.089 [main] INFO  com.optical.sender.service.TransferService - Transfer ID: f57bc171-011c-4123-8f9b-5faf7a6dd4e0
2026-06-20 12:09:59.089 [main] INFO  com.optical.sender.chunk.FileChunker - Splitting 26 bytes into 1 chunks of max 1000 bytes each
2026-06-20 12:09:59.089 [main] INFO  com.optical.sender.chunk.FileChunker - Created 1 chunk packets for transfer f57bc171-011c-4123-8f9b-5faf7a6dd4e0
2026-06-20 12:09:59.260 [main] INFO  com.optical.sender.service.TransferService - Transfer prepared: 3 total packets (1 header + 1 chunks + 1 end)
2026-06-20 12:09:59.271 [main] INFO  com.optical.sender.service.TransferService - Preparing transfer for file: myfile.mp3
2026-06-20 12:09:59.272 [main] INFO  com.optical.sender.service.TransferService - Read 3000 bytes from myfile.mp3
2026-06-20 12:09:59.273 [main] INFO  com.optical.sender.service.TransferService - SHA-256 hash: c81ca5eda5947c7826ad046fdbdc2a25a846b835a6c34c237cc8b3afbe9ec6cc
2026-06-20 12:09:59.274 [main] INFO  com.optical.sender.service.TransferService - Compressed: 3000 bytes → 38 bytes (ratio: 1.3%)
2026-06-20 12:09:59.274 [main] INFO  com.optical.sender.service.TransferService - Transfer ID: 719e148f-8e32-47ad-8627-263aebc624d9
2026-06-20 12:09:59.274 [main] INFO  com.optical.sender.chunk.FileChunker - Splitting 38 bytes into 1 chunks of max 1000 bytes each
2026-06-20 12:09:59.274 [main] INFO  com.optical.sender.chunk.FileChunker - Created 1 chunk packets for transfer 719e148f-8e32-47ad-8627-263aebc624d9
2026-06-20 12:09:59.275 [main] INFO  com.optical.sender.service.TransferService - Transfer prepared: 3 total packets (1 header + 1 chunks + 1 end)
2026-06-20 12:09:59.280 [main] INFO  com.optical.sender.service.TransferService - Preparing transfer for file: test.mp3
2026-06-20 12:09:59.281 [main] INFO  com.optical.sender.service.TransferService - Read 5000 bytes from test.mp3
2026-06-20 12:09:59.281 [main] INFO  com.optical.sender.service.TransferService - SHA-256 hash: 0a02b6deb73f2e9a4a150f2f01aab2eaef4856523237f1b24595e1313da8f702
2026-06-20 12:09:59.281 [main] INFO  com.optical.sender.service.TransferService - Compressed: 5000 bytes → 5023 bytes (ratio: 100.5%)
2026-06-20 12:09:59.281 [main] INFO  com.optical.sender.service.TransferService - Transfer ID: bc4ded2f-a06f-46eb-a886-ddcfd0da0266
2026-06-20 12:09:59.282 [main] INFO  com.optical.sender.chunk.FileChunker - Splitting 5023 bytes into 6 chunks of max 1000 bytes each
2026-06-20 12:09:59.282 [main] INFO  com.optical.sender.chunk.FileChunker - Created 6 chunk packets for transfer bc4ded2f-a06f-46eb-a886-ddcfd0da0266
2026-06-20 12:09:59.282 [main] INFO  com.optical.sender.service.TransferService - Transfer prepared: 8 total packets (1 header + 6 chunks + 1 end)
